Microchip MPLAB XC8 Compiler V2.31

Linker command line:

-W-3 --edf=/opt/microchip/xc8/v2.31/pic/dat/en_msgs.txt -cn \
  -h+dist/default/production/eeprom_reader.X.production.sym \
  --cmf=dist/default/production/eeprom_reader.X.production.cmf -z \
  -Q16F18877 -o/tmp/xcXBngOlp --defsym=__MPLAB_BUILD=1 \
  -Mdist/default/production/eeprom_reader.X.production.map -E1 \
  -ver=XC8 Compiler --acfsm=1493 -ASTACK=020DAh-02FEFh -pstack=STACK \
  -ACODE=00h-07FFhx16 -ASTRCODE=00h-07FFFh -ASTRING=00h-0FFhx128 \
  -ACONST=00h-0FFhx128 -AENTRY=00h-0FFhx128 -ACOMMON=070h-07Fh \
  -ABANK0=020h-06Fh -ABANK1=0A0h-0EFh -ABANK2=0120h-016Fh \
  -ABANK3=01A0h-01EFh -ABANK4=0220h-026Fh -ABANK5=02A0h-02EFh \
  -ABANK6=0320h-036Fh -ABANK7=03A0h-03EFh -ABANK8=0420h-046Fh \
  -ABANK9=04A0h-04EFh -ABANK10=0520h-056Fh -ABANK11=05A0h-05EFh \
  -ABANK12=0620h-066Fh -ABANK13=06A0h-06EFh -ABANK14=0720h-076Fh \
  -ABANK15=07A0h-07EFh -ABANK16=0820h-086Fh -ABANK17=08A0h-08EFh \
  -ABANK18=0920h-096Fh -ABANK19=09A0h-09EFh -ABANK20=0A20h-0A6Fh \
  -ABANK21=0AA0h-0AEFh -ABANK22=0B20h-0B6Fh -ABANK23=0BA0h-0BEFh \
  -ABANK24=0C20h-0C6Fh -ABANK25=0CA0h-0CEFh -ABANK26=0D20h-0D6Fh \
  -ABANK27=0DA0h-0DEFh -ABANK28=0E20h-0E6Fh -ABANK29=0EA0h-0EEFh \
  -ABANK30=0F20h-0F6Fh -ABANK31=0FA0h-0FEFh -ABANK32=01020h-0106Fh \
  -ABANK33=010A0h-010EFh -ABANK34=01120h-0116Fh -ABANK35=011A0h-011EFh \
  -ABANK36=01220h-0126Fh -ABANK37=012A0h-012EFh -ABANK38=01320h-0136Fh \
  -ABANK39=013A0h-013EFh -ABANK40=01420h-0146Fh -ABANK41=014A0h-014EFh \
  -ABANK42=01520h-0156Fh -ABANK43=015A0h-015EFh -ABANK44=01620h-0166Fh \
  -ABANK45=016A0h-016EFh -ABANK46=01720h-0176Fh -ABANK47=017A0h-017EFh \
  -ABANK48=01820h-0186Fh -ABANK49=018A0h-018EFh -ABANK50=01920h-0196Fh \
  -ABIGRAM=02000h-02FEFh \
  -ARAM=020h-06Fh,0A0h-0EFh,0120h-016Fh,01A0h-01EFh,0220h-026Fh,02A0h-02EFh,0320h-036Fh,03A0h-03EFh,0420h-046Fh,04A0h-04EFh,0520h-056Fh,05A0h-05EFh,0620h-066Fh,06A0h-06EFh,0720h-076Fh,07A0h-07EFh,0820h-086Fh,08A0h-08EFh,0920h-096Fh,09A0h-09EFh,0A20h-0A6Fh,0AA0h-0AEFh,0B20h-0B6Fh,0BA0h-0BEFh,0C20h-0C6Fh,0CA0h-0CEFh,0D20h-0D6Fh,0DA0h-0DEFh,0E20h-0E6Fh,0EA0h-0EEFh,0F20h-0F6Fh,0FA0h-0FEFh,01020h-0106Fh,010A0h-010EFh,01120h-0116Fh,011A0h-011EFh,01220h-0126Fh,012A0h-012EFh,01320h-0136Fh,013A0h-013EFh,01420h-0146Fh,014A0h-014EFh,01520h-0156Fh,015A0h-015EFh,01620h-0166Fh,016A0h-016EFh,01720h-0176Fh,017A0h-017EFh,01820h-0186Fh,018A0h-018EFh,01920h-0196Fh \
  -AABS1=020h-07Fh,0A0h-0EFh,0120h-016Fh,01A0h-01EFh,0220h-026Fh,02A0h-02EFh,0320h-036Fh,03A0h-03EFh,0420h-046Fh,04A0h-04EFh,0520h-056Fh,05A0h-05EFh,0620h-066Fh,06A0h-06EFh,0720h-076Fh,07A0h-07EFh,0820h-086Fh,08A0h-08EFh,0920h-096Fh,09A0h-09EFh,0A20h-0A6Fh,0AA0h-0AEFh,0B20h-0B6Fh,0BA0h-0BEFh,0C20h-0C6Fh,0CA0h-0CEFh,0D20h-0D6Fh,0DA0h-0DEFh,0E20h-0E6Fh,0EA0h-0EEFh,0F20h-0F6Fh,0FA0h-0FEFh,01020h-0106Fh,010A0h-010EFh,01120h-0116Fh,011A0h-011EFh,01220h-0126Fh,012A0h-012EFh,01320h-0136Fh,013A0h-013EFh,01420h-0146Fh,014A0h-014EFh,01520h-0156Fh,015A0h-015EFh,01620h-0166Fh,016A0h-016EFh,01720h-0176Fh,017A0h-017EFh,01820h-0186Fh,018A0h-018EFh,01920h-0196Fh \
  -ASFR0=00h-01Fh -ASFR1=080h-09Fh -ASFR2=0100h-011Fh -ASFR3=0180h-019Fh \
  -ASFR4=0200h-021Fh -ASFR5=0280h-029Fh -ASFR6=0300h-031Fh \
  -ASFR7=0380h-039Fh -ASFR8=0400h-041Fh -ASFR9=0480h-049Fh \
  -ASFR10=0500h-051Fh -ASFR11=0580h-059Fh -ASFR12=0600h-061Fh \
  -ASFR13=0680h-069Fh -ASFR14=0700h-071Fh -ASFR15=0780h-079Fh \
  -ASFR16=0800h-081Fh -ASFR17=0880h-089Fh -ASFR18=0900h-091Fh \
  -ASFR19=0980h-099Fh -ASFR20=0A00h-0A1Fh -ASFR21=0A80h-0A9Fh \
  -ASFR22=0B00h-0B1Fh -ASFR23=0B80h-0B9Fh -ASFR24=0C00h-0C1Fh \
  -ASFR25=0C80h-0C9Fh -ASFR26=0D00h-0D1Fh -ASFR27=0D80h-0D9Fh \
  -ASFR28=0E00h-0E1Fh -ASFR29=0E80h-0E9Fh -ASFR30=0F00h-0F1Fh \
  -ASFR31=0F80h-0F9Fh -ASFR32=01000h-0101Fh -ASFR33=01080h-0109Fh \
  -ASFR34=01100h-0111Fh -ASFR35=01180h-0119Fh -ASFR36=01200h-0121Fh \
  -ASFR37=01280h-0129Fh -ASFR38=01300h-0131Fh -ASFR39=01380h-0139Fh \
  -ASFR40=01400h-0141Fh -ASFR41=01480h-0149Fh -ASFR42=01500h-0151Fh \
  -ASFR43=01580h-0159Fh -ASFR44=01600h-0161Fh -ASFR45=01680h-0169Fh \
  -ASFR46=01700h-0171Fh -ASFR47=01780h-0179Fh -ASFR48=01800h-0181Fh \
  -ASFR49=01880h-0189Fh -ASFR50=01900h-0191Fh -ASFR51=01980h-019EFh \
  -ASFR52=01A00h-01A6Fh -ASFR53=01A80h-01AEFh -ASFR54=01B00h-01B6Fh \
  -ASFR55=01B80h-01BEFh -ASFR56=01C00h-01C6Fh -ASFR57=01C80h-01CEFh \
  -ASFR58=01D00h-01D6Fh -ASFR59=01D80h-01DEFh -ASFR60=01E00h-01E6Fh \
  -ASFR61=01E80h-01EEFh -ASFR62=01F00h-01F6Fh -ASFR63=01F80h-01FEFh \
  -ACONFIG=08007h-0800Bh -DCONFIG=2 -AIDLOC=08000h-08003h -DIDLOC=2 \
  -AEEDATA=00h-0FFh/0F000h -peeprom_data=EEDATA -DEEDATA=2 -DCODE=2 \
  -DSTRCODE=2 -DSTRING=2 -DCONST=2 -DENTRY=2 \
  -preset_vec=00h,intentry,init,end_init -ppowerup=CODE -pcinit=CODE \
  -pfunctab=ENTRY -k /tmp/xcXHdkgeH.o \
  dist/default/production/eeprom_reader.X.production.o 

Object code version is 3.11

Machine type is 16F18877



                Name                               Link     Load   Length Selector   Space Scale
/tmp/xcXHdkgeH.o
                end_init                              2        2        2        0       0
                reset_vec                             0        0        2        0       0
                config                             8007     8007        5        0       4
dist/default/production/eeprom_reader.X.production.o
                cinit                               7ED      7ED       13      FDA       0
                config                             8007     8007        5        0       4
                text41                              DDF      DDF       18     1BBE       0
                text40                              D1F      D1F        6     1A3E       0
                text39                              D25      D25        6     1A4A       0
                text38                              D2B      D2B        6     1A56       0
                text37                              EF7      EF7       23     1DEE       0
                text36                              D4B      D4B        9     1A96       0
                text35                              FAF      FAF       51     1F5E       0
                text34                              D43      D43        8     1A86       0
                text33                              D74      D74        D     1AE8       0
                text32                              E77      E77       1F     1CEE       0
                text31                              DF7      DF7       18     1BEE       0
                text30                              EB5      EB5       21     1D6A       0
                text29                              27C      27C       A9      4F8       0
                text28                              D81      D81        E     1B02       0
                text27                              D54      D54        A     1AA8       0
                text26                              D31      D31        6     1A62       0
                text25                              D68      D68        C     1AD0       0
                text24                              E96      E96       1F     1D2C       0
                text23                              1E8      1E8       94      3D0       0
                text22                               89       89       6F      112       0
                text21                              D8F      D8F       10     1B1E       0
                text20                              D1B      D1B        4     1A36       0
                text19                              E59      E59       1E     1CB2       0
                text18                              E0F      E0F       18     1C1E       0
                text17                              D5E      D5E        A     1ABC       0
                text16                              D37      D37        6     1A6E       0
                text15                              F70      F70       3F     1EE0       0
                text14                                7        7       29        E       0
                text13                              E3F      E3F       1A     1C7E       0
                text12                               30       30       59       60       0
                text11                              E27      E27       18     1C4E       0
                text10                              F1A      F1A       25     1E34       0
                text9                               40C      40C      177      818       0
                text8                               325      325       E7      64A       0
                text7                               F3F      F3F       31     1E7E       0
                text6                               DC9      DC9       16     1B92       0
                text5                               169      169       7F      2D2       0
                text4                               D9F      D9F       15     1B3E       0
                text3                               ED6      ED6       21     1DAC       0
                text2                               DB4      DB4       15     1B68       0
                text1                                F8       F8       71      1F0       0
                maintext                            583      583      26A      B06       0
                cstackBANK0                          20       20       50       20       1
                cstackCOMMON                         70       70        E       70       1
                cstackBANK1                          A0       A0       35       A0       1
                clrtext                             D3D      D3D        6     1A7A       0
                bssBANK2                            120      120       34      120       1
                bssBANK1                             D5       D5       19       A0       1
                stringtext3                        101B     101B        4     2000       0
                stringtext2                        100E     100E        D     2000       0
                stringtext1                        1000     1000        E     2000       0
                nvBANK2                             154      154        6      120       1
                nvBANK1                              EE       EE        1       A0       1

TOTAL           Name                               Link     Load   Length     Space
        CLASS   STACK          

        CLASS   CODE           
                end_init                              2        2        2         0
                cinit                               7ED      7ED       13         0
                reset_vec                             0        0        2         0
                text41                              DDF      DDF       18         0
                text40                              D1F      D1F        6         0
                text39                              D25      D25        6         0
                text38                              D2B      D2B        6         0
                text37                              EF7      EF7       23         0
                text36                              D4B      D4B        9         0
                text35                              FAF      FAF       51         0
                text34                              D43      D43        8         0
                text33                              D74      D74        D         0
                text32                              E77      E77       1F         0
                text31                              DF7      DF7       18         0
                text30                              EB5      EB5       21         0
                text29                              27C      27C       A9         0
                text28                              D81      D81        E         0
                text27                              D54      D54        A         0
                text26                              D31      D31        6         0
                text25                              D68      D68        C         0
                text24                              E96      E96       1F         0
                text23                              1E8      1E8       94         0
                text22                               89       89       6F         0
                text21                              D8F      D8F       10         0
                text20                              D1B      D1B        4         0
                text19                              E59      E59       1E         0
                text18                              E0F      E0F       18         0
                text17                              D5E      D5E        A         0
                text16                              D37      D37        6         0
                text15                              F70      F70       3F         0
                text14                                7        7       29         0
                text13                              E3F      E3F       1A         0
                text12                               30       30       59         0
                text11                              E27      E27       18         0
                text10                              F1A      F1A       25         0
                text9                               40C      40C      177         0
                text8                               325      325       E7         0
                text7                               F3F      F3F       31         0
                text6                               DC9      DC9       16         0
                text5                               169      169       7F         0
                text4                               D9F      D9F       15         0
                text3                               ED6      ED6       21         0
                text2                               DB4      DB4       15         0
                text1                                F8       F8       71         0
                maintext                            583      583      26A         0
                clrtext                             D3D      D3D        6         0

        CLASS   STRCODE        
                stringtext3                        101B     101B        4         0
                stringtext2                        100E     100E        D         0
                stringtext1                        1000     1000        E         0

        CLASS   STRING         

        CLASS   CONST          

        CLASS   ENTRY          

        CLASS   COMMON         
                cstackCOMMON                         70       70        E         1

        CLASS   BANK0          
                cstackBANK0                          20       20       50         1

        CLASS   BANK1          
                cstackBANK1                          A0       A0       35         1
                bssBANK1                             D5       D5       19         1
                nvBANK1                              EE       EE        1         1

        CLASS   BANK2          
                bssBANK2                            120      120       34         1
                nvBANK2                             154      154        6         1

        CLASS   BANK3          

        CLASS   BANK4          

        CLASS   BANK5          

        CLASS   BANK6          

        CLASS   BANK7          

        CLASS   BANK8          

        CLASS   BANK9          

        CLASS   BANK10         

        CLASS   BANK11         

        CLASS   BANK12         

        CLASS   BANK13         

        CLASS   BANK14         

        CLASS   BANK15         

        CLASS   BANK16         

        CLASS   BANK17         

        CLASS   BANK18         

        CLASS   BANK19         

        CLASS   BANK20         

        CLASS   BANK21         

        CLASS   BANK22         

        CLASS   BANK23         

        CLASS   BANK24         

        CLASS   BANK25         

        CLASS   BANK26         

        CLASS   BANK27         

        CLASS   BANK28         

        CLASS   BANK29         

        CLASS   BANK30         

        CLASS   BANK31         

        CLASS   BANK32         

        CLASS   BANK33         

        CLASS   BANK34         

        CLASS   BANK35         

        CLASS   BANK36         

        CLASS   BANK37         

        CLASS   BANK38         

        CLASS   BANK39         

        CLASS   BANK40         

        CLASS   BANK41         

        CLASS   BANK42         

        CLASS   BANK43         

        CLASS   BANK44         

        CLASS   BANK45         

        CLASS   BANK46         

        CLASS   BANK47         

        CLASS   BANK48         

        CLASS   BANK49         

        CLASS   BANK50         

        CLASS   BIGRAM         

        CLASS   RAM            

        CLASS   ABS1           
                abs_s1                               7E       7E        2         1

        CLASS   SFR0           

        CLASS   SFR1           

        CLASS   SFR2           

        CLASS   SFR3           

        CLASS   SFR4           

        CLASS   SFR5           

        CLASS   SFR6           

        CLASS   SFR7           

        CLASS   SFR8           

        CLASS   SFR9           

        CLASS   SFR10          

        CLASS   SFR11          

        CLASS   SFR12          

        CLASS   SFR13          

        CLASS   SFR14          

        CLASS   SFR15          

        CLASS   SFR16          

        CLASS   SFR17          

        CLASS   SFR18          

        CLASS   SFR19          

        CLASS   SFR20          

        CLASS   SFR21          

        CLASS   SFR22          

        CLASS   SFR23          

        CLASS   SFR24          

        CLASS   SFR25          

        CLASS   SFR26          

        CLASS   SFR27          

        CLASS   SFR28          

        CLASS   SFR29          

        CLASS   SFR30          

        CLASS   SFR31          

        CLASS   SFR32          

        CLASS   SFR33          

        CLASS   SFR34          

        CLASS   SFR35          

        CLASS   SFR36          

        CLASS   SFR37          

        CLASS   SFR38          

        CLASS   SFR39          

        CLASS   SFR40          

        CLASS   SFR41          

        CLASS   SFR42          

        CLASS   SFR43          

        CLASS   SFR44          

        CLASS   SFR45          

        CLASS   SFR46          

        CLASS   SFR47          

        CLASS   SFR48          

        CLASS   SFR49          

        CLASS   SFR50          

        CLASS   SFR51          

        CLASS   SFR52          

        CLASS   SFR53          

        CLASS   SFR54          

        CLASS   SFR55          

        CLASS   SFR56          

        CLASS   SFR57          

        CLASS   SFR58          

        CLASS   SFR59          

        CLASS   SFR60          

        CLASS   SFR61          

        CLASS   SFR62          

        CLASS   SFR63          

        CLASS   CONFIG         
                config                             8007     8007        5         4

        CLASS   IDLOC          

        CLASS   EEDATA         

        CLASS   BANK63         

        CLASS   BANK62         

        CLASS   BANK61         

        CLASS   BANK60         

        CLASS   BANK59         

        CLASS   BANK58         

        CLASS   BANK57         

        CLASS   BANK56         

        CLASS   BANK55         

        CLASS   BANK54         

        CLASS   BANK53         

        CLASS   BANK52         

        CLASS   BANK51         



SEGMENTS        Name                           Load    Length   Top    Selector   Space  Class     Delta

                text11                         000E27  000018  000E3F      1C4E       0  CODE        2
                text13                         000E3F  00001A  000E59      1C7E       0  CODE        2
                reset_vec                      000000  000004  000004         0       0  CODE        2
                text18                         000E0F  000018  000E27      1C1E       0  CODE        2
                text32                         000E77  00001F  000E96      1CEE       0  CODE        2
                text19                         000E59  00001E  000E77      1CB2       0  CODE        2
                text31                         000DF7  000018  000E0F      1BEE       0  CODE        2
                text41                         000DDF  000018  000DF7      1BBE       0  CODE        2
                text24                         000E96  00001F  000EB5      1D2C       0  CODE        2
                text30                         000EB5  000021  000ED6      1D6A       0  CODE        2
                text3                          000ED6  000021  000EF7      1DAC       0  CODE        2
                text2                          000DB4  000015  000DC9      1B68       0  CODE        2
                text4                          000D9F  000015  000DB4      1B3E       0  CODE        2
                text6                          000DC9  000016  000DDF      1B92       0  CODE        2
                text37                         000EF7  000023  000F1A      1DEE       0  CODE        2
                text7                          000F3F  000031  000F70      1E7E       0  CODE        2
                text15                         000F70  00003F  000FAF      1EE0       0  CODE        2
                text14                         000007  000029  000030         E       0  CODE        2
                text10                         000F1A  000025  000F3F      1E34       0  CODE        2
                text17                         000D5E  00000A  000D68      1ABC       0  CODE        2
                text25                         000D68  00000C  000D74      1AD0       0  CODE        2
                text21                         000D8F  000010  000D9F      1B1E       0  CODE        2
                stringtext1                    001000  00001F  00101F      2000       0  STRCODE     2
                text28                         000D81  00000E  000D8F      1B02       0  CODE        2
                text33                         000D74  00000D  000D81      1AE8       0  CODE        2
                text9                          00040C  000177  000583       818       0  CODE        2
                maintext                       000583  00026A  0007ED       B06       0  CODE        2
                text1                          0000F8  000071  000169       1F0       0  CODE        2
                text5                          000169  00007F  0001E8       2D2       0  CODE        2
                text23                         0001E8  000094  00027C       3D0       0  CODE        2
                text35                         000FAF  000051  001000      1F5E       0  CODE        2
                text12                         000030  000059  000089        60       0  CODE        2
                text22                         000089  00006F  0000F8       112       0  CODE        2
                text29                         00027C  0000A9  000325       4F8       0  CODE        2
                text8                          000325  0000E7  00040C       64A       0  CODE        2
                text26                         000D31  000006  000D37      1A62       0  CODE        2
                text20                         000D1B  000004  000D1F      1A36       0  CODE        2
                text38                         000D2B  000006  000D31      1A56       0  CODE        2
                text40                         000D1F  000006  000D25      1A3E       0  CODE        2
                text39                         000D25  000006  000D2B      1A4A       0  CODE        2
                text34                         000D43  000008  000D4B      1A86       0  CODE        2
                text36                         000D4B  000009  000D54      1A96       0  CODE        2
                clrtext                        000D3D  000006  000D43      1A7A       0  CODE        2
                text27                         000D54  00000A  000D5E      1AA8       0  CODE        2
                text16                         000D37  000006  000D3D      1A6E       0  CODE        2
                cinit                          0007ED  000013  000800       FDA       0  CODE        2
                bssBANK2                       000120  00003A  00015A       120       1  BANK2       1
                cstackCOMMON                   000070  00000E  00007E        70       1  COMMON      1
                cstackBANK1                    0000A0  00004F  0000EF        A0       1  BANK1       1
                cstackBANK0                    000020  000050  000070        20       1  BANK0       1


UNUSED ADDRESS RANGES

        Name                Unused          Largest block    Delta
        BANK1            000EF-000EF               1           1
        BANK10           00520-0056F              50           1
        BANK11           005A0-005EF              50           1
        BANK12           00620-0066F              50           1
        BANK13           006A0-006EF              50           1
        BANK14           00720-0076F              50           1
        BANK15           007A0-007EF              50           1
        BANK16           00820-0086F              50           1
        BANK17           008A0-008EF              50           1
        BANK18           00920-0096F              50           1
        BANK19           009A0-009EF              50           1
        BANK2            0015A-0016F              16           1
        BANK20           00A20-00A6F              50           1
        BANK21           00AA0-00AEF              50           1
        BANK22           00B20-00B6F              50           1
        BANK23           00BA0-00BEF              50           1
        BANK24           00C20-00C6F              50           1
        BANK25           00CA0-00CEF              50           1
        BANK26           00D20-00D6F              50           1
        BANK27           00DA0-00DEF              50           1
        BANK28           00E20-00E6F              50           1
        BANK29           00EA0-00EEF              50           1
        BANK3            001A0-001EF              50           1
        BANK30           00F20-00F6F              50           1
        BANK31           00FA0-00FEF              50           1
        BANK32           01020-0106F              50           1
        BANK33           010A0-010EF              50           1
        BANK34           01120-0116F              50           1
        BANK35           011A0-011EF              50           1
        BANK36           01220-0126F              50           1
        BANK37           012A0-012EF              50           1
        BANK38           01320-0136F              50           1
        BANK39           013A0-013EF              50           1
        BANK4            00220-0026F              50           1
        BANK40           01420-0146F              50           1
        BANK41           014A0-014EF              50           1
        BANK42           01520-0156F              50           1
        BANK43           015A0-015EF              50           1
        BANK44           01620-0166F              50           1
        BANK45           016A0-016EF              50           1
        BANK46           01720-0176F              50           1
        BANK47           017A0-017EF              50           1
        BANK48           01820-0186F              50           1
        BANK49           018A0-018EF              50           1
        BANK5            002A0-002EF              50           1
        BANK50           01920-0196F              50           1
        BANK6            00320-0036F              50           1
        BANK7            003A0-003EF              50           1
        BANK8            00420-0046F              50           1
        BANK9            004A0-004EF              50           1
        BIGRAM           02000-02FEF             FF0           1
        CODE             00004-00006               3           2
                         00800-00D1A             51B
                         0101F-07FFF             800
        CONST            00004-00006               3           2
                         00800-00D1A             100
                         0101F-07FFF             100
        EEDATA           0F000-0F0FF             100           2
        ENTRY            00004-00006               3           2
                         00800-00D1A             100
                         0101F-07FFF             100
        IDLOC            08000-08003               4           2
        RAM              000EF-000EF               1           1
                         0015A-0016F              16
                         001A0-001EF              50
                         00220-0026F              50
                         002A0-002EF              50
                         00320-0036F              50
                         003A0-003EF              50
                         00420-0046F              50
                         004A0-004EF              50
                         00520-0056F              50
                         005A0-005EF              50
                         00620-0066F              50
                         006A0-006EF              50
                         00720-0076F              50
                         007A0-007EF              50
                         00820-0086F              50
                         008A0-008EF              50
                         00920-0096F              50
                         009A0-009EF              50
                         00A20-00A6F              50
                         00AA0-00AEF              50
                         00B20-00B6F              50
                         00BA0-00BEF              50
                         00C20-00C6F              50
                         00CA0-00CEF              50
                         00D20-00D6F              50
                         00DA0-00DEF              50
                         00E20-00E6F              50
                         00EA0-00EEF              50
                         00F20-00F6F              50
                         00FA0-00FEF              50
                         01020-0106F              50
                         010A0-010EF              50
                         01120-0116F              50
                         011A0-011EF              50
                         01220-0126F              50
                         012A0-012EF              50
                         01320-0136F              50
                         013A0-013EF              50
                         01420-0146F              50
                         014A0-014EF              50
                         01520-0156F              50
                         015A0-015EF              50
                         01620-0166F              50
                         016A0-016EF              50
                         01720-0176F              50
                         017A0-017EF              50
                         01820-0186F              50
                         018A0-018EF              50
                         01920-0196F              50
        SFR0             00000-0001F              20           1
        SFR1             00080-0009F              20           1
        SFR10            00500-0051F              20           1
        SFR11            00580-0059F              20           1
        SFR12            00600-0061F              20           1
        SFR13            00680-0069F              20           1
        SFR14            00700-0071F              20           1
        SFR15            00780-0079F              20           1
        SFR16            00800-0081F              20           1
        SFR17            00880-0089F              20           1
        SFR18            00900-0091F              20           1
        SFR19            00980-0099F              20           1
        SFR2             00100-0011F              20           1
        SFR20            00A00-00A1F              20           1
        SFR21            00A80-00A9F              20           1
        SFR22            00B00-00B1F              20           1
        SFR23            00B80-00B9F              20           1
        SFR24            00C00-00C1F              20           1
        SFR25            00C80-00C9F              20           1
        SFR26            00D00-00D1F              20           1
        SFR27            00D80-00D9F              20           1
        SFR28            00E00-00E1F              20           1
        SFR29            00E80-00E9F              20           1
        SFR3             00180-0019F              20           1
        SFR30            00F00-00F1F              20           1
        SFR31            00F80-00F9F              20           1
        SFR32            01000-0101F              20           1
        SFR33            01080-0109F              20           1
        SFR34            01100-0111F              20           1
        SFR35            01180-0119F              20           1
        SFR36            01200-0121F              20           1
        SFR37            01280-0129F              20           1
        SFR38            01300-0131F              20           1
        SFR39            01380-0139F              20           1
        SFR4             00200-0021F              20           1
        SFR40            01400-0141F              20           1
        SFR41            01480-0149F              20           1
        SFR42            01500-0151F              20           1
        SFR43            01580-0159F              20           1
        SFR44            01600-0161F              20           1
        SFR45            01680-0169F              20           1
        SFR46            01700-0171F              20           1
        SFR47            01780-0179F              20           1
        SFR48            01800-0181F              20           1
        SFR49            01880-0189F              20           1
        SFR5             00280-0029F              20           1
        SFR50            01900-0191F              20           1
        SFR51            01980-019EF              70           1
        SFR52            01A00-01A6F              70           1
        SFR53            01A80-01AEF              70           1
        SFR54            01B00-01B6F              70           1
        SFR55            01B80-01BEF              70           1
        SFR56            01C00-01C6F              70           1
        SFR57            01C80-01CEF              70           1
        SFR58            01D00-01D6F              70           1
        SFR59            01D80-01DEF              70           1
        SFR6             00300-0031F              20           1
        SFR60            01E00-01E6F              70           1
        SFR61            01E80-01EEF              70           1
        SFR62            01F00-01F6F              70           1
        SFR63            01F80-01FEF              70           1
        SFR7             00380-0039F              20           1
        SFR8             00400-0041F              20           1
        SFR9             00480-0049F              20           1
        STACK            020DA-02FEF             F16           1
        STRCODE          00004-00006               3           2
                         00800-00D1A             51B
                         0101F-07FFF            6FE1
        STRING           00004-00006               3           2
                         00800-00D1A             100
                         0101F-07FFF             100

                                  Symbol Table

?___wmul                                       cstackCOMMON 00070
?_atoi                                         cstackCOMMON 00076
?_isalpha                                      cstackCOMMON 00070
?_isdigit                                      cstackCOMMON 00070
?_islower                                      cstackCOMMON 00070
?_isspace                                      cstackCOMMON 00070
?_isupper                                      cstackCOMMON 00070
?_pad                                          cstackBANK0  00024
?_printf                                       cstackBANK1  000A0
?_strlen                                       cstackCOMMON 00070
?_toupper                                      cstackCOMMON 00076
?_vfpfcnvrt                                    cstackBANK0  00053
?_vfprintf                                     cstackBANK0  00064
?_xtoa                                         cstackBANK0  0002D
EUSART_SetErrorHandler@interruptHandler        cstackCOMMON 00070
EUSART_SetFramingErrorHandler@interruptHandler cstackCOMMON 00070
EUSART_SetOverrunErrorHandler@interruptHandler cstackCOMMON 00070
EUSART_Write@txData                            cstackCOMMON 00070
I2C_Ack_Read@count                             cstackCOMMON 00070
I2C_Ack_Read@rx_data                           cstackCOMMON 00072
I2C_NotAck_Read@rx_data                        cstackCOMMON 00071
I2C_Write@I2C_data                             cstackCOMMON 00070
_ANSC3                                         (abs)        0FA73
_ANSC4                                         (abs)        0FA74
_ANSELA                                        (abs)        01F38
_ANSELB                                        (abs)        01F43
_ANSELC                                        (abs)        01F4E
_ANSELD                                        (abs)        01F59
_ANSELE                                        (abs)        01F64
_BAUD1CON                                      (abs)        0011F
_EUSART_DefaultErrorHandler                    (abs)        00000
_EUSART_DefaultFramingErrorHandler             (abs)        00000
_EUSART_DefaultOverrunErrorHandler             (abs)        00000
_EUSART_ErrorHandler                           nvBANK2      00154
_EUSART_FramingErrorHandler                    nvBANK2      00158
_EUSART_Initialize                             text37       00EF7
_EUSART_OverrunErrorHandler                    nvBANK2      00156
_EUSART_Read                                   text21       00D8F
_EUSART_SetErrorHandler                        text40       00D1F
_EUSART_SetFramingErrorHandler                 text39       00D25
_EUSART_SetOverrunErrorHandler                 text38       00D2B
_EUSART_Write                                  text17       00D5E
_I2C_Ack_Read                                  text2        00DB4
_I2C_Idle_Check                                text28       00D81
_I2C_Init                                      text41       00DDF
_I2C_NotAck_Read                               text4        00D9F
_I2C_Start                                     text27       00D54
_I2C_Stop                                      text26       00D31
_I2C_Write                                     text25       00D68
_INLVLA                                        (abs)        01F3C
_INLVLB                                        (abs)        01F47
_INLVLC                                        (abs)        01F52
_INLVLD                                        (abs)        01F5D
_INLVLE                                        (abs)        01F68
_LATA                                          (abs)        00016
_LATB                                          (abs)        00017
_LATC                                          (abs)        00018
_LATD                                          (abs)        00019
_LATE                                          (abs)        0001A
_ODCONA                                        (abs)        01F3A
_ODCONB                                        (abs)        01F45
_ODCONC                                        (abs)        01F50
_ODCOND                                        (abs)        01F5B
_ODCONE                                        (abs)        01F66
_OSCCON1                                       (abs)        0088D
_OSCCON3                                       (abs)        0088F
_OSCEN                                         (abs)        00891
_OSCFRQ                                        (abs)        00893
_OSCILLATOR_Initialize                         text36       00D4B
_OSCTUNE                                       (abs)        00892
_PIN_MANAGER_Initialize                        text35       00FAF
_PIR3bits                                      (abs)        0070F
_PMD0                                          (abs)        00796
_PMD1                                          (abs)        00797
_PMD2                                          (abs)        00798
_PMD3                                          (abs)        00799
_PMD4                                          (abs)        0079A
_PMD5                                          (abs)        0079B
_PMD_Initialize                                text34       00D43
_RB1PPS                                        (abs)        01F19
_RB2PPS                                        (abs)        01F1A
_RC1REG                                        (abs)        00119
_RC1STA                                        (abs)        0011D
_RC1STAbits                                    (abs)        0011D
_RC3PPS                                        (abs)        01F23
_RC4PPS                                        (abs)        01F24
_RC6PPS                                        (abs)        01F26
_RXPPS                                         (abs)        01ECB
_SLRCONA                                       (abs)        01F3B
_SLRCONB                                       (abs)        01F46
_SLRCONC                                       (abs)        01F51
_SLRCOND                                       (abs)        01F5C
_SLRCONE                                       (abs)        01F67
_SP1BRGH                                       (abs)        0011C
_SP1BRGL                                       (abs)        0011B
_SSP1ADD                                       (abs)        0018D
_SSP1BUF                                       (abs)        0018C
_SSP1CLKPPS                                    (abs)        01EC5
_SSP1CON1bits                                  (abs)        00190
_SSP1CON2                                      (abs)        00191
_SSP1CON2bits                                  (abs)        00191
_SSP1DATPPS                                    (abs)        01EC6
_SSP1STAT                                      (abs)        0018F
_SSP1STATbits                                  (abs)        0018F
_SSP2CLKPPS                                    (abs)        01EC8
_SSP2DATPPS                                    (abs)        01EC9
_SYSTEM_Initialize                             text33       00D74
_TRISA                                         (abs)        00011
_TRISB                                         (abs)        00012
_TRISC                                         (abs)        00013
_TRISD                                         (abs)        00014
_TRISE                                         (abs)        00015
_TX1REG                                        (abs)        0011A
_TX1STA                                        (abs)        0011E
_TX1STAbits                                    (abs)        0011E
_WPUA                                          (abs)        01F39
_WPUB                                          (abs)        01F44
_WPUC                                          (abs)        01F4F
_WPUD                                          (abs)        01F5A
_WPUE                                          (abs)        01F65
__Habs1                                        abs1         00000
__Hbank0                                       bank0        00000
__Hbank1                                       bank1        00000
__Hbank10                                      bank10       00000
__Hbank11                                      bank11       00000
__Hbank12                                      bank12       00000
__Hbank13                                      bank13       00000
__Hbank14                                      bank14       00000
__Hbank15                                      bank15       00000
__Hbank16                                      bank16       00000
__Hbank17                                      bank17       00000
__Hbank18                                      bank18       00000
__Hbank19                                      bank19       00000
__Hbank2                                       bank2        00000
__Hbank20                                      bank20       00000
__Hbank21                                      bank21       00000
__Hbank22                                      bank22       00000
__Hbank23                                      bank23       00000
__Hbank24                                      bank24       00000
__Hbank25                                      bank25       00000
__Hbank26                                      bank26       00000
__Hbank27                                      bank27       00000
__Hbank28                                      bank28       00000
__Hbank29                                      bank29       00000
__Hbank3                                       bank3        00000
__Hbank30                                      bank30       00000
__Hbank31                                      bank31       00000
__Hbank32                                      bank32       00000
__Hbank33                                      bank33       00000
__Hbank34                                      bank34       00000
__Hbank35                                      bank35       00000
__Hbank36                                      bank36       00000
__Hbank37                                      bank37       00000
__Hbank38                                      bank38       00000
__Hbank39                                      bank39       00000
__Hbank4                                       bank4        00000
__Hbank40                                      bank40       00000
__Hbank41                                      bank41       00000
__Hbank42                                      bank42       00000
__Hbank43                                      bank43       00000
__Hbank44                                      bank44       00000
__Hbank45                                      bank45       00000
__Hbank46                                      bank46       00000
__Hbank47                                      bank47       00000
__Hbank48                                      bank48       00000
__Hbank49                                      bank49       00000
__Hbank5                                       bank5        00000
__Hbank50                                      bank50       00000
__Hbank51                                      bank51       00000
__Hbank52                                      bank52       00000
__Hbank53                                      bank53       00000
__Hbank54                                      bank54       00000
__Hbank55                                      bank55       00000
__Hbank56                                      bank56       00000
__Hbank57                                      bank57       00000
__Hbank58                                      bank58       00000
__Hbank59                                      bank59       00000
__Hbank6                                       bank6        00000
__Hbank60                                      bank60       00000
__Hbank61                                      bank61       00000
__Hbank62                                      bank62       00000
__Hbank63                                      bank63       00000
__Hbank7                                       bank7        00000
__Hbank8                                       bank8        00000
__Hbank9                                       bank9        00000
__Hbigram                                      bigram       00000
__HbssBANK1                                    bssBANK1     00000
__HbssBANK2                                    bssBANK2     00000
__Hcinit                                       cinit        00800
__Hclrtext                                     clrtext      00000
__Hcode                                        code         00000
__Hcommon                                      common       00000
__Hconfig                                      config       0800C
__HcstackBANK0                                 cstackBANK0  00000
__HcstackBANK1                                 cstackBANK1  00000
__HcstackCOMMON                                cstackCOMMON 00000
__Heeprom_data                                 eeprom_data  00000
__Hend_init                                    end_init     00004
__Hfunctab                                     functab      00000
__Hinit                                        init         00002
__Hintentry                                    intentry     00002
__Hmaintext                                    maintext     00000
__HnvBANK1                                     nvBANK1      00000
__HnvBANK2                                     nvBANK2      00000
__Hpowerup                                     powerup      00000
__Hram                                         ram          00000
__Hreset_vec                                   reset_vec    00002
__Hsfr0                                        sfr0         00000
__Hsfr1                                        sfr1         00000
__Hsfr10                                       sfr10        00000
__Hsfr11                                       sfr11        00000
__Hsfr12                                       sfr12        00000
__Hsfr13                                       sfr13        00000
__Hsfr14                                       sfr14        00000
__Hsfr15                                       sfr15        00000
__Hsfr16                                       sfr16        00000
__Hsfr17                                       sfr17        00000
__Hsfr18                                       sfr18        00000
__Hsfr19                                       sfr19        00000
__Hsfr2                                        sfr2         00000
__Hsfr20                                       sfr20        00000
__Hsfr21                                       sfr21        00000
__Hsfr22                                       sfr22        00000
__Hsfr23                                       sfr23        00000
__Hsfr24                                       sfr24        00000
__Hsfr25                                       sfr25        00000
__Hsfr26                                       sfr26        00000
__Hsfr27                                       sfr27        00000
__Hsfr28                                       sfr28        00000
__Hsfr29                                       sfr29        00000
__Hsfr3                                        sfr3         00000
__Hsfr30                                       sfr30        00000
__Hsfr31                                       sfr31        00000
__Hsfr32                                       sfr32        00000
__Hsfr33                                       sfr33        00000
__Hsfr34                                       sfr34        00000
__Hsfr35                                       sfr35        00000
__Hsfr36                                       sfr36        00000
__Hsfr37                                       sfr37        00000
__Hsfr38                                       sfr38        00000
__Hsfr39                                       sfr39        00000
__Hsfr4                                        sfr4         00000
__Hsfr40                                       sfr40        00000
__Hsfr41                                       sfr41        00000
__Hsfr42                                       sfr42        00000
__Hsfr43                                       sfr43        00000
__Hsfr44                                       sfr44        00000
__Hsfr45                                       sfr45        00000
__Hsfr46                                       sfr46        00000
__Hsfr47                                       sfr47        00000
__Hsfr48                                       sfr48        00000
__Hsfr49                                       sfr49        00000
__Hsfr5                                        sfr5         00000
__Hsfr50                                       sfr50        00000
__Hsfr51                                       sfr51        00000
__Hsfr52                                       sfr52        00000
__Hsfr53                                       sfr53        00000
__Hsfr54                                       sfr54        00000
__Hsfr55                                       sfr55        00000
__Hsfr56                                       sfr56        00000
__Hsfr57                                       sfr57        00000
__Hsfr58                                       sfr58        00000
__Hsfr59                                       sfr59        00000
__Hsfr6                                        sfr6         00000
__Hsfr60                                       sfr60        00000
__Hsfr61                                       sfr61        00000
__Hsfr62                                       sfr62        00000
__Hsfr63                                       sfr63        00000
__Hsfr7                                        sfr7         00000
__Hsfr8                                        sfr8         00000
__Hsfr9                                        sfr9         00000
__Hspace_0                                     (abs)        0101F
__Hspace_1                                     (abs)        0015A
__Hspace_2                                     (abs)        00000
__Hspace_3                                     (abs)        00000
__Hspace_4                                     (abs)        10013
__Hstack                                       stack        00000
__Hstrings                                     strings      00000
__Hstringtext1                                 stringtext1  00000
__Hstringtext2                                 stringtext2  00000
__Hstringtext3                                 stringtext3  00000
__Hstringtext4                                 stringtext4  00000
__Htext                                        text         00000
__Labs1                                        abs1         00000
__Lbank0                                       bank0        00000
__Lbank1                                       bank1        00000
__Lbank10                                      bank10       00000
__Lbank11                                      bank11       00000
__Lbank12                                      bank12       00000
__Lbank13                                      bank13       00000
__Lbank14                                      bank14       00000
__Lbank15                                      bank15       00000
__Lbank16                                      bank16       00000
__Lbank17                                      bank17       00000
__Lbank18                                      bank18       00000
__Lbank19                                      bank19       00000
__Lbank2                                       bank2        00000
__Lbank20                                      bank20       00000
__Lbank21                                      bank21       00000
__Lbank22                                      bank22       00000
__Lbank23                                      bank23       00000
__Lbank24                                      bank24       00000
__Lbank25                                      bank25       00000
__Lbank26                                      bank26       00000
__Lbank27                                      bank27       00000
__Lbank28                                      bank28       00000
__Lbank29                                      bank29       00000
__Lbank3                                       bank3        00000
__Lbank30                                      bank30       00000
__Lbank31                                      bank31       00000
__Lbank32                                      bank32       00000
__Lbank33                                      bank33       00000
__Lbank34                                      bank34       00000
__Lbank35                                      bank35       00000
__Lbank36                                      bank36       00000
__Lbank37                                      bank37       00000
__Lbank38                                      bank38       00000
__Lbank39                                      bank39       00000
__Lbank4                                       bank4        00000
__Lbank40                                      bank40       00000
__Lbank41                                      bank41       00000
__Lbank42                                      bank42       00000
__Lbank43                                      bank43       00000
__Lbank44                                      bank44       00000
__Lbank45                                      bank45       00000
__Lbank46                                      bank46       00000
__Lbank47                                      bank47       00000
__Lbank48                                      bank48       00000
__Lbank49                                      bank49       00000
__Lbank5                                       bank5        00000
__Lbank50                                      bank50       00000
__Lbank51                                      bank51       00000
__Lbank52                                      bank52       00000
__Lbank53                                      bank53       00000
__Lbank54                                      bank54       00000
__Lbank55                                      bank55       00000
__Lbank56                                      bank56       00000
__Lbank57                                      bank57       00000
__Lbank58                                      bank58       00000
__Lbank59                                      bank59       00000
__Lbank6                                       bank6        00000
__Lbank60                                      bank60       00000
__Lbank61                                      bank61       00000
__Lbank62                                      bank62       00000
__Lbank63                                      bank63       00000
__Lbank7                                       bank7        00000
__Lbank8                                       bank8        00000
__Lbank9                                       bank9        00000
__Lbigram                                      bigram       00000
__LbssBANK1                                    bssBANK1     00000
__LbssBANK2                                    bssBANK2     00000
__Lcinit                                       cinit        007ED
__Lclrtext                                     clrtext      00000
__Lcode                                        code         00000
__Lcommon                                      common       00000
__Lconfig                                      config       00000
__LcstackBANK0                                 cstackBANK0  00000
__LcstackBANK1                                 cstackBANK1  00000
__LcstackCOMMON                                cstackCOMMON 00000
__Leeprom_data                                 eeprom_data  00000
__Lend_init                                    end_init     00002
__Lfunctab                                     functab      00000
__Linit                                        init         00002
__Lintentry                                    intentry     00002
__Lmaintext                                    maintext     00000
__LnvBANK1                                     nvBANK1      00000
__LnvBANK2                                     nvBANK2      00000
__Lpowerup                                     powerup      00000
__Lram                                         ram          00000
__Lreset_vec                                   reset_vec    00000
__Lsfr0                                        sfr0         00000
__Lsfr1                                        sfr1         00000
__Lsfr10                                       sfr10        00000
__Lsfr11                                       sfr11        00000
__Lsfr12                                       sfr12        00000
__Lsfr13                                       sfr13        00000
__Lsfr14                                       sfr14        00000
__Lsfr15                                       sfr15        00000
__Lsfr16                                       sfr16        00000
__Lsfr17                                       sfr17        00000
__Lsfr18                                       sfr18        00000
__Lsfr19                                       sfr19        00000
__Lsfr2                                        sfr2         00000
__Lsfr20                                       sfr20        00000
__Lsfr21                                       sfr21        00000
__Lsfr22                                       sfr22        00000
__Lsfr23                                       sfr23        00000
__Lsfr24                                       sfr24        00000
__Lsfr25                                       sfr25        00000
__Lsfr26                                       sfr26        00000
__Lsfr27                                       sfr27        00000
__Lsfr28                                       sfr28        00000
__Lsfr29                                       sfr29        00000
__Lsfr3                                        sfr3         00000
__Lsfr30                                       sfr30        00000
__Lsfr31                                       sfr31        00000
__Lsfr32                                       sfr32        00000
__Lsfr33                                       sfr33        00000
__Lsfr34                                       sfr34        00000
__Lsfr35                                       sfr35        00000
__Lsfr36                                       sfr36        00000
__Lsfr37                                       sfr37        00000
__Lsfr38                                       sfr38        00000
__Lsfr39                                       sfr39        00000
__Lsfr4                                        sfr4         00000
__Lsfr40                                       sfr40        00000
__Lsfr41                                       sfr41        00000
__Lsfr42                                       sfr42        00000
__Lsfr43                                       sfr43        00000
__Lsfr44                                       sfr44        00000
__Lsfr45                                       sfr45        00000
__Lsfr46                                       sfr46        00000
__Lsfr47                                       sfr47        00000
__Lsfr48                                       sfr48        00000
__Lsfr49                                       sfr49        00000
__Lsfr5                                        sfr5         00000
__Lsfr50                                       sfr50        00000
__Lsfr51                                       sfr51        00000
__Lsfr52                                       sfr52        00000
__Lsfr53                                       sfr53        00000
__Lsfr54                                       sfr54        00000
__Lsfr55                                       sfr55        00000
__Lsfr56                                       sfr56        00000
__Lsfr57                                       sfr57        00000
__Lsfr58                                       sfr58        00000
__Lsfr59                                       sfr59        00000
__Lsfr6                                        sfr6         00000
__Lsfr60                                       sfr60        00000
__Lsfr61                                       sfr61        00000
__Lsfr62                                       sfr62        00000
__Lsfr63                                       sfr63        00000
__Lsfr7                                        sfr7         00000
__Lsfr8                                        sfr8         00000
__Lsfr9                                        sfr9         00000
__Lspace_0                                     (abs)        00000
__Lspace_1                                     (abs)        00000
__Lspace_2                                     (abs)        00000
__Lspace_3                                     (abs)        00000
__Lspace_4                                     (abs)        00000
__Lstack                                       stack        00000
__Lstrings                                     strings      00000
__Lstringtext1                                 stringtext1  00000
__Lstringtext2                                 stringtext2  00000
__Lstringtext3                                 stringtext3  00000
__Lstringtext4                                 stringtext4  00000
__Ltext                                        text         00000
__S0                                           (abs)        0101F
__S1                                           (abs)        0015A
__S2                                           (abs)        00000
__S3                                           (abs)        00000
___int_sp                                      stack        00000
___latbits                                     (abs)        00004
___sp                                          stack        00000
___stackhi                                     (abs)        02FEF
___stacklo                                     (abs)        020DA
___wmul                                        text32       00E77
___wmul@multiplicand                           cstackCOMMON 00072
___wmul@multiplier                             cstackCOMMON 00070
___wmul@product                                cstackCOMMON 00074
__end_of_EUSART_Initialize                     text37       00F1A
__end_of_EUSART_Read                           text21       00D9F
__end_of_EUSART_SetErrorHandler                text40       00D25
__end_of_EUSART_SetFramingErrorHandler         text39       00D2B
__end_of_EUSART_SetOverrunErrorHandler         text38       00D31
__end_of_EUSART_Write                          text17       00D68
__end_of_I2C_Ack_Read                          text2        00DC9
__end_of_I2C_Idle_Check                        text28       00D8F
__end_of_I2C_Init                              text41       00DF7
__end_of_I2C_NotAck_Read                       text4        00DB4
__end_of_I2C_Start                             text27       00D5E
__end_of_I2C_Stop                              text26       00D37
__end_of_I2C_Write                             text25       00D74
__end_of_OSCILLATOR_Initialize                 text36       00D54
__end_of_PIN_MANAGER_Initialize                text35       01000
__end_of_PMD_Initialize                        text34       00D4B
__end_of_SYSTEM_Initialize                     text33       00D81
__end_of___wmul                                text32       00E96
__end_of__initialization                       cinit        007FD
__end_of_atoi                                  text29       00325
__end_of_byte_write                            text24       00EB5
__end_of_create_hex                            text23       0027C
__end_of_fputc                                 text15       00FAF
__end_of_fputs                                 text14       00030
__end_of_get_hex                               text22       000F8
__end_of_getch                                 text20       00D1F
__end_of_isalpha                               text19       00E77
__end_of_isdigit                               text31       00E0F
__end_of_islower                               text11       00E3F
__end_of_isspace                               text30       00ED6
__end_of_isupper                               text18       00E27
__end_of_main                                  maintext     007ED
__end_of_pad                                   text12       00089
__end_of_page_write                            text5        001E8
__end_of_printf                                text6        00DDF
__end_of_putch                                 text16       00D3D
__end_of_random_read                           text3        00EF7
__end_of_sequential_read                       text1        00169
__end_of_strlen                                text13       00E59
__end_of_toupper                               text10       00F3F
__end_of_vfpfcnvrt                             text8        0040C
__end_of_vfprintf                              text7        00F70
__end_of_xtoa                                  text9        00583
__initialization                               cinit        007ED
__pbssBANK1                                    bssBANK1     000D5
__pbssBANK2                                    bssBANK2     00120
__pcstackBANK0                                 cstackBANK0  00020
__pcstackBANK1                                 cstackBANK1  000A0
__pcstackCOMMON                                cstackCOMMON 00070
__pmaintext                                    maintext     00583
__pnvBANK1                                     nvBANK1      000EE
__pnvBANK2                                     nvBANK2      00154
__pstringtext1                                 stringtext1  01000
__pstringtext2                                 stringtext2  0100E
__pstringtext3                                 stringtext3  0101B
__pstringtext4                                 stringtext4  00000
__ptext1                                       text1        000F8
__ptext10                                      text10       00F1A
__ptext11                                      text11       00E27
__ptext12                                      text12       00030
__ptext13                                      text13       00E3F
__ptext14                                      text14       00007
__ptext15                                      text15       00F70
__ptext16                                      text16       00D37
__ptext17                                      text17       00D5E
__ptext18                                      text18       00E0F
__ptext19                                      text19       00E59
__ptext2                                       text2        00DB4
__ptext20                                      text20       00D1B
__ptext21                                      text21       00D8F
__ptext22                                      text22       00089
__ptext23                                      text23       001E8
__ptext24                                      text24       00E96
__ptext25                                      text25       00D68
__ptext26                                      text26       00D31
__ptext27                                      text27       00D54
__ptext28                                      text28       00D81
__ptext29                                      text29       0027C
__ptext3                                       text3        00ED6
__ptext30                                      text30       00EB5
__ptext31                                      text31       00DF7
__ptext32                                      text32       00E77
__ptext33                                      text33       00D74
__ptext34                                      text34       00D43
__ptext35                                      text35       00FAF
__ptext36                                      text36       00D4B
__ptext37                                      text37       00EF7
__ptext38                                      text38       00D2B
__ptext39                                      text39       00D25
__ptext4                                       text4        00D9F
__ptext40                                      text40       00D1F
__ptext41                                      text41       00DDF
__ptext5                                       text5        00169
__ptext6                                       text6        00DC9
__ptext7                                       text7        00F3F
__ptext8                                       text8        00325
__ptext9                                       text9        0040C
__size_of_EUSART_Initialize                    (abs)        00000
__size_of_EUSART_Read                          (abs)        00000
__size_of_EUSART_SetErrorHandler               (abs)        00000
__size_of_EUSART_SetFramingErrorHandler        (abs)        00000
__size_of_EUSART_SetOverrunErrorHandler        (abs)        00000
__size_of_EUSART_Write                         (abs)        00000
__size_of_I2C_Ack_Read                         (abs)        00000
__size_of_I2C_Idle_Check                       (abs)        00000
__size_of_I2C_Init                             (abs)        00000
__size_of_I2C_NotAck_Read                      (abs)        00000
__size_of_I2C_Start                            (abs)        00000
__size_of_I2C_Stop                             (abs)        00000
__size_of_I2C_Write                            (abs)        00000
__size_of_OSCILLATOR_Initialize                (abs)        00000
__size_of_PIN_MANAGER_Initialize               (abs)        00000
__size_of_PMD_Initialize                       (abs)        00000
__size_of_SYSTEM_Initialize                    (abs)        00000
__size_of___wmul                               (abs)        00000
__size_of_atoi                                 (abs)        00000
__size_of_byte_write                           (abs)        00000
__size_of_create_hex                           (abs)        00000
__size_of_fputc                                (abs)        00000
__size_of_fputs                                (abs)        00000
__size_of_get_hex                              (abs)        00000
__size_of_getch                                (abs)        00000
__size_of_isalpha                              (abs)        00000
__size_of_isdigit                              (abs)        00000
__size_of_islower                              (abs)        00000
__size_of_isspace                              (abs)        00000
__size_of_isupper                              (abs)        00000
__size_of_main                                 (abs)        00000
__size_of_pad                                  (abs)        00000
__size_of_page_write                           (abs)        00000
__size_of_printf                               (abs)        00000
__size_of_putch                                (abs)        00000
__size_of_random_read                          (abs)        00000
__size_of_sequential_read                      (abs)        00000
__size_of_strlen                               (abs)        00000
__size_of_toupper                              (abs)        00000
__size_of_vfpfcnvrt                            (abs)        00000
__size_of_vfprintf                             (abs)        00000
__size_of_xtoa                                 (abs)        00000
_addr1                                         bssBANK1     000E8
_addr2                                         bssBANK1     000E7
_atoi                                          text29       0027C
_atoi$1217                                     cstackBANK0  00022
_atoi$1218                                     cstackBANK0  00026
_atoi$1219                                     cstackBANK0  00024
_byte_write                                    text24       00E96
_count                                         bssBANK1     000E1
_count2                                        bssBANK1     000DF
_create_hex                                    text23       001E8
_data                                          bssBANK1     000E9
_dbuf                                          bssBANK2     00134
_eusartRxLastError                             bssBANK1     000E6
_flags                                         bssBANK1     000DB
_fputc                                         text15       00F70
_fputs                                         text14       00007
_get_hex                                       text22       00089
_getch                                         text20       00D1B
_hex                                           bssBANK1     000E3
_hex2                                          bssBANK1     000E2
_isalpha                                       text19       00E59
_isdigit                                       text31       00DF7
_islower                                       text11       00E27
_isspace                                       text30       00EB5
_isspace$1235                                  cstackCOMMON 00074
_isupper                                       text18       00E0F
_letter                                        nvBANK1      000EE
_main                                          maintext     00583
_nout                                          bssBANK1     000D5
_pad                                           text12       00030
_page_write                                    text5        00169
_prec                                          bssBANK1     000D9
_printf                                        text6        00DC9
_putch                                         text16       00D37
_random_read                                   text3        00ED6
_rx_data                                       bssBANK1     000ED
_sequential_read                               text1        000F8
_str                                           bssBANK1     000EA
_strlen                                        text13       00E3F
_test                                          bssBANK2     0012A
_test2                                         bssBANK2     00120
_toupper                                       text10       00F1A
_toupper$1395                                  cstackCOMMON 0007C
_vfpfcnvrt                                     text8        00325
_vfprintf                                      text7        00F3F
_width                                         bssBANK1     000D7
_xtoa                                          text9        0040C
_xtoa$1318                                     cstackBANK0  0003E
_xtoa$1319                                     cstackBANK0  00040
atoi@n                                         cstackBANK0  00027
atoi@neg                                       cstackBANK0  00020
atoi@s                                         cstackBANK0  00029
btemp                                          (abs)        0007E
byte_write@addr1                               cstackCOMMON 00074
byte_write@addr2                               cstackCOMMON 00071
byte_write@data                                cstackCOMMON 00072
clear_ram0                                     clrtext      00D3D
create_hex@c                                   cstackCOMMON 00070
end_of_initialization                          cinit        007FD
fputc@c                                        cstackCOMMON 00072
[...]
      Locals:         0       0       0       0       0       0       0       0       0       0       0       0       0       0       0       0       0       0       0       0       0       0       0       0       0       0       0       0       0       0       0       0       0       0       0       0       0       0       0       0       0       0       0       0       0       0       0       0       0       0       0       0
      Temps:          0       0       0       0       0       0       0       0       0       0       0       0       0       0       0       0       0       0       0       0       0       0       0       0       0       0       0       0       0       0       0       0       0       0       0       0       0       0       0       0       0       0       0       0       0       0       0       0       0       0       0       0
      Totals:         0       0       0       0       0       0       0       0       0       0       0       0       0       0       0       0       0       0       0       0       0       0       0       0       0       0       0       0       0       0       0       0       0       0       0       0       0       0       0       0       0       0       0       0       0       0       0       0       0       0       0       0
Total ram usage:        0 bytes
 Hardware stack levels used:    1
 This function calls:
		Nothing
 This function is called by:
		_SYSTEM_Initialize
 This function uses a non-reentrant model


 *************** function _EUSART_Initialize *****************
 Defined at:
		line 66 in file "eusart.c"
 Parameters:    Size  Location     Type
		None
 Auto vars:     Size  Location     Type
		None
 Return value:  Size  Location     Type
                  1    wreg      void 
 Registers used:
		wreg, status,2, status,0, pclath, cstack
 Tracked objects:
		On entry : 
		On exit  : 
		Unchanged: 
 Data sizes:     COMMON   BANK0   BANK1   BANK2   BANK3   BANK4   BANK5   BANK6   BANK7   BANK8   BANK9  BANK10  BANK11  BANK12  BANK13  BANK14  BANK15  BANK16  BANK17  BANK18  BANK19  BANK20  BANK21  BANK22  BANK23  BANK24  BANK25  BANK26  BANK27  BANK28  BANK29  BANK30  BANK31  BANK32  BANK33  BANK34  BANK35  BANK36  BANK37  BANK38  BANK39  BANK40  BANK41  BANK42  BANK43  BANK44  BANK45  BANK46  BANK47  BANK48  BANK49  BANK50
      Params:         0       0       0       0       0       0       0       0       0       0       0       0       0       0       0       0       0       0       0       0       0       0       0       0       0       0       0       0       0       0       0       0       0       0       0       0       0       0       0       0       0       0       0       0       0       0       0       0       0       0       0       0
      Locals:         0       0       0       0       0       0       0       0       0       0       0       0       0       0       0       0       0       0       0       0       0       0       0       0       0       0       0       0       0       0       0       0       0       0       0       0       0       0       0       0       0       0       0       0       0       0       0       0       0       0       0       0
      Temps:          0       0       0       0       0       0       0       0       0       0       0       0       0       0       0       0       0       0       0       0       0       0       0       0       0       0       0       0       0       0       0       0       0       0       0       0       0       0       0       0       0       0       0       0       0       0       0       0       0       0       0       0
      Totals:         0       0       0       0       0       0       0       0       0       0       0       0       0       0       0       0       0       0       0       0       0       0       0       0       0       0       0       0       0       0       0       0       0       0       0       0       0       0       0       0       0       0       0       0       0       0       0       0       0       0       0       0
Total ram usage:        0 bytes
 Hardware stack levels used:    1
 Hardware stack levels required when called:    1
 This function calls:
		_EUSART_SetErrorHandler
		_EUSART_SetFramingErrorHandler
		_EUSART_SetOverrunErrorHandler
 This function is called by:
		_SYSTEM_Initialize
 This function uses a non-reentrant model


 *************** function _EUSART_SetOverrunErrorHandler *****************
 Defined at:
		line 170 in file "eusart.c"
 Parameters:    Size  Location     Type
  interruptHan    2    0[COMMON] PTR FTN()void 
		 -> EUSART_DefaultOverrunErrorHandler(1), 
 Auto vars:     Size  Location     Type
		None
 Return value:  Size  Location     Type
                  1    wreg      void 
 Registers used:
		wreg
 Tracked objects:
		On entry : 
		On exit  : 
		Unchanged: 
 Data sizes:     COMMON   BANK0   BANK1   BANK2   BANK3   BANK4   BANK5   BANK6   BANK7   BANK8   BANK9  BANK10  BANK11  BANK12  BANK13  BANK14  BANK15  BANK16  BANK17  BANK18  BANK19  BANK20  BANK21  BANK22  BANK23  BANK24  BANK25  BANK26  BANK27  BANK28  BANK29  BANK30  BANK31  BANK32  BANK33  BANK34  BANK35  BANK36  BANK37  BANK38  BANK39  BANK40  BANK41  BANK42  BANK43  BANK44  BANK45  BANK46  BANK47  BANK48  BANK49  BANK50
      Params:         2       0       0       0       0       0       0       0       0       0       0       0       0       0       0       0       0       0       0       0       0       0       0       0       0       0       0       0       0       0       0       0       0       0       0       0       0       0       0       0       0       0       0       0       0       0       0       0       0       0       0       0
      Locals:         0       0       0       0       0       0       0       0       0       0       0       0       0       0       0       0       0       0       0       0       0       0       0       0       0       0       0       0       0       0       0       0       0       0       0       0       0       0       0       0       0       0       0       0       0       0       0       0       0       0       0       0
      Temps:          0       0       0       0       0       0       0       0       0       0       0       0       0       0       0       0       0       0       0       0       0       0       0       0       0       0       0       0       0       0       0       0       0       0       0       0       0       0       0       0       0       0       0       0       0       0       0       0       0       0       0       0
      Totals:         2       0       0       0       0       0       0       0       0       0       0       0       0       0       0       0       0       0       0       0       0       0       0       0       0       0       0       0       0       0       0       0       0       0       0       0       0       0       0       0       0       0       0       0       0       0       0       0       0       0       0       0
Total ram usage:        2 bytes
 Hardware stack levels used:    1
 This function calls:
		Nothing
 This function is called by:
		_EUSART_Initialize
 This function uses a non-reentrant model


 *************** function _EUSART_SetFramingErrorHandler *****************
 Defined at:
		line 166 in file "eusart.c"
 Parameters:    Size  Location     Type
  interruptHan    2    0[COMMON] PTR FTN()void 
		 -> EUSART_DefaultFramingErrorHandler(1), 
 Auto vars:     Size  Location     Type
		None
 Return value:  Size  Location     Type
                  1    wreg      void 
 Registers used:
		wreg
 Tracked objects:
		On entry : 
		On exit  : 
		Unchanged: 
 Data sizes:     COMMON   BANK0   BANK1   BANK2   BANK3   BANK4   BANK5   BANK6   BANK7   BANK8   BANK9  BANK10  BANK11  BANK12  BANK13  BANK14  BANK15  BANK16  BANK17  BANK18  BANK19  BANK20  BANK21  BANK22  BANK23  BANK24  BANK25  BANK26  BANK27  BANK28  BANK29  BANK30  BANK31  BANK32  BANK33  BANK34  BANK35  BANK36  BANK37  BANK38  BANK39  BANK40  BANK41  BANK42  BANK43  BANK44  BANK45  BANK46  BANK47  BANK48  BANK49  BANK50
      Params:         2       0       0       0       0       0       0       0       0       0       0       0       0       0       0       0       0       0       0       0       0       0       0       0       0       0       0       0       0       0       0       0       0       0       0       0       0       0       0       0       0       0       0       0       0       0       0       0       0       0       0       0
      Locals:         0       0       0       0       0       0       0       0       0       0       0       0       0       0       0       0       0       0       0       0       0       0       0       0       0       0       0       0       0       0       0       0       0       0       0       0       0       0       0       0       0       0       0       0       0       0       0       0       0       0       0       0
      Temps:          0       0       0       0       0       0       0       0       0       0       0       0       0       0       0       0       0       0       0       0       0       0       0       0       0       0       0       0       0       0       0       0       0       0       0       0       0       0       0       0       0       0       0       0       0       0       0       0       0       0       0       0
      Totals:         2       0       0       0       0       0       0       0       0       0       0       0       0       0       0       0       0       0       0       0       0       0       0       0       0       0       0       0       0       0       0       0       0       0       0       0       0       0       0       0       0       0       0       0       0       0       0       0       0       0       0       0
Total ram usage:        2 bytes
 Hardware stack levels used:    1
 This function calls:
		Nothing
 This function is called by:
		_EUSART_Initialize
 This function uses a non-reentrant model


 *************** function _EUSART_SetErrorHandler *****************
 Defined at:
		line 174 in file "eusart.c"
 Parameters:    Size  Location     Type
  interruptHan    2    0[COMMON] PTR FTN()void 
		 -> EUSART_DefaultErrorHandler(1), 
 Auto vars:     Size  Location     Type
		None
 Return value:  Size  Location     Type
                  1    wreg      void 
 Registers used:
		wreg
 Tracked objects:
		On entry : 
		On exit  : 
		Unchanged: 
 Data sizes:     COMMON   BANK0   BANK1   BANK2   BANK3   BANK4   BANK5   BANK6   BANK7   BANK8   BANK9  BANK10  BANK11  BANK12  BANK13  BANK14  BANK15  BANK16  BANK17  BANK18  BANK19  BANK20  BANK21  BANK22  BANK23  BANK24  BANK25  BANK26  BANK27  BANK28  BANK29  BANK30  BANK31  BANK32  BANK33  BANK34  BANK35  BANK36  BANK37  BANK38  BANK39  BANK40  BANK41  BANK42  BANK43  BANK44  BANK45  BANK46  BANK47  BANK48  BANK49  BANK50
      Params:         2       0       0       0       0       0       0       0       0       0       0       0       0       0       0       0       0       0       0       0       0       0       0       0       0       0       0       0       0       0       0       0       0       0       0       0       0       0       0       0       0       0       0       0       0       0       0       0       0       0       0       0
      Locals:         0       0       0       0       0       0       0       0       0       0       0       0       0       0       0       0       0       0       0       0       0       0       0       0       0       0       0       0       0       0       0       0       0       0       0       0       0       0       0       0       0       0       0       0       0       0       0       0       0       0       0       0
      Temps:          0       0       0       0       0       0       0       0       0       0       0       0       0       0       0       0       0       0       0       0       0       0       0       0       0       0       0       0       0       0       0       0       0       0       0       0       0       0       0       0       0       0       0       0       0       0       0       0       0       0       0       0
      Totals:         2       0       0       0       0       0       0       0       0       0       0       0       0       0       0       0       0       0       0       0       0       0       0       0       0       0       0       0       0       0       0       0       0       0       0       0       0       0       0       0       0       0       0       0       0       0       0       0       0       0       0       0
Total ram usage:        2 bytes
 Hardware stack levels used:    1
 This function calls:
		Nothing
 This function is called by:
		_EUSART_Initialize
 This function uses a non-reentrant model


 *************** function _I2C_Init *****************
 Defined at:
		line 19 in file "../../PIC16F18877/libs/i2c_drivers.c"
 Parameters:    Size  Location     Type
		None
 Auto vars:     Size  Location     Type
		None
 Return value:  Size  Location     Type
                  1    wreg      void 
 Registers used:
		wreg, status,2, status,0
 Tracked objects:
		On entry : 
		On exit  : 
		Unchanged: 
 Data sizes:     COMMON   BANK0   BANK1   BANK2   BANK3   BANK4   BANK5   BANK6   BANK7   BANK8   BANK9  BANK10  BANK11  BANK12  BANK13  BANK14  BANK15  BANK16  BANK17  BANK18  BANK19  BANK20  BANK21  BANK22  BANK23  BANK24  BANK25  BANK26  BANK27  BANK28  BANK29  BANK30  BANK31  BANK32  BANK33  BANK34  BANK35  BANK36  BANK37  BANK38  BANK39  BANK40  BANK41  BANK42  BANK43  BANK44  BANK45  BANK46  BANK47  BANK48  BANK49  BANK50
      Params:         0       0       0       0       0       0       0       0       0       0       0       0       0       0       0       0       0       0       0       0       0       0       0       0       0       0       0       0       0       0       0       0       0       0       0       0       0       0       0       0       0       0       0       0       0       0       0       0       0       0       0       0
      Locals:         0       0       0       0       0       0       0       0       0       0       0       0       0       0       0       0       0       0       0       0       0       0       0       0       0       0       0       0       0       0       0       0       0       0       0       0       0       0       0       0       0       0       0       0       0       0       0       0       0       0       0       0
      Temps:          0       0       0       0       0       0       0       0       0       0       0       0       0       0       0       0       0       0       0       0       0       0       0       0       0       0       0       0       0       0       0       0       0       0       0       0       0       0       0       0       0       0       0       0       0       0       0       0       0       0       0       0
      Totals:         0       0       0       0       0       0       0       0       0       0       0       0       0       0       0       0       0       0       0       0       0       0       0       0       0       0       0       0       0       0       0       0       0       0       0       0       0       0       0       0       0       0       0       0       0       0       0       0       0       0       0       0
Total ram usage:        0 bytes
 Hardware stack levels used:    1
 This function calls:
		Nothing
 This function is called by:
		_main
 This function uses a non-reentrant model



MODULE INFORMATION

Module		Function		Class		Link	Load	Size
/opt/microchip/xc8/v2.31/pic/sources/c99/common/doprnt.c
		_vfpfcnvrt     		CODE           	0325	0000	231
		_pad           		CODE           	0030	0000	89
		_vfprintf      		CODE           	0F3F	0000	49
		_xtoa          		CODE           	040C	0000	375

/opt/microchip/xc8/v2.31/pic/sources/c99/common/doprnt.c estimated size: 744

/opt/microchip/xc8/v2.31/pic/sources/c99/common/isalpha.c
		_isalpha       		CODE           	0E59	0000	30

/opt/microchip/xc8/v2.31/pic/sources/c99/common/isalpha.c estimated size: 30

eusart.c
		_putch         		CODE           	0D37	0000	6
		_EUSART_Read   		CODE           	0D8F	0000	16
		_EUSART_Write  		CODE           	0D5E	0000	10
		_EUSART_Initialize		CODE           	0EF7	0000	35
		_EUSART_SetFramingErrorHandler		CODE           	0D25	0000	6
		_EUSART_SetErrorHandler		CODE           	0D1F	0000	6
		_EUSART_SetOverrunErrorHandler		CODE           	0D2B	0000	6
		_getch         		CODE           	0D1B	0000	4

eusart.c estimated size: 89

/opt/microchip/xc8/v2.31/pic/sources/c99/common/atoi.c
		_atoi          		CODE           	027C	0000	169

/opt/microchip/xc8/v2.31/pic/sources/c99/common/atoi.c estimated size: 169

/opt/microchip/xc8/v2.31/pic/sources/c99/common/nf_fputc.c
		_fputc         		CODE           	0F70	0000	63

/opt/microchip/xc8/v2.31/pic/sources/c99/common/nf_fputc.c estimated size: 63

/opt/microchip/xc8/v2.31/pic/sources/c99/common/isdigit.c
		_isdigit       		CODE           	0DF7	0000	24

/opt/microchip/xc8/v2.31/pic/sources/c99/common/isdigit.c estimated size: 24

/opt/microchip/xc8/v2.31/pic/sources/c99/common/Umul16.c
		___wmul        		CODE           	0E77	0000	31

/opt/microchip/xc8/v2.31/pic/sources/c99/common/Umul16.c estimated size: 31

../../PIC16F18877/libs/i2c_drivers.c
		_I2C_Write     		CODE           	0D68	0000	12
		_I2C_Idle_Check		CODE           	0D81	0000	14
		_I2C_Stop      		CODE           	0D31	0000	6
		_I2C_Init      		CODE           	0DDF	0000	24
		_I2C_Ack_Read  		CODE           	0DB4	0000	21
		_I2C_Start     		CODE           	0D54	0000	10
		_I2C_NotAck_Read		CODE           	0D9F	0000	21

../../PIC16F18877/libs/i2c_drivers.c estimated size: 108

/opt/microchip/xc8/v2.31/pic/sources/c99/common/printf.c
		_printf        		CODE           	0DC9	0000	22

/opt/microchip/xc8/v2.31/pic/sources/c99/common/printf.c estimated size: 22

shared
		__initialization		CODE           	07ED	0000	16

shared estimated size: 16

/opt/microchip/xc8/v2.31/pic/sources/c99/common/islower.c
		_islower       		CODE           	0E27	0000	24

/opt/microchip/xc8/v2.31/pic/sources/c99/common/islower.c estimated size: 24

mcc.c
		_PMD_Initialize		CODE           	0D43	0000	8
		_OSCILLATOR_Initialize		CODE           	0D4B	0000	9
		_SYSTEM_Initialize		CODE           	0D74	0000	13

mcc.c estimated size: 30

/opt/microchip/xc8/v2.31/pic/sources/c99/common/isupper.c
		_isupper       		CODE           	0E0F	0000	24

/opt/microchip/xc8/v2.31/pic/sources/c99/common/isupper.c estimated size: 24

../../PIC16F18877/libs/eeprom.c
		_byte_write    		CODE           	0E96	0000	31
		_page_write    		CODE           	0169	0000	127
		_random_read   		CODE           	0ED6	0000	33
		_sequential_read		CODE           	00F8	0000	113

../../PIC16F18877/libs/eeprom.c estimated size: 304

/opt/microchip/xc8/v2.31/pic/sources/c99/common/toupper.c
		_toupper       		CODE           	0F1A	0000	37

/opt/microchip/xc8/v2.31/pic/sources/c99/common/toupper.c estimated size: 37

/opt/microchip/xc8/v2.31/pic/sources/c99/common/nf_fputs.c
		_fputs         		CODE           	0007	0000	41

/opt/microchip/xc8/v2.31/pic/sources/c99/common/nf_fputs.c estimated size: 41

/opt/microchip/xc8/v2.31/pic/sources/c99/common/strlen.c
		_strlen        		CODE           	0E3F	0000	26

/opt/microchip/xc8/v2.31/pic/sources/c99/common/strlen.c estimated size: 26

pin_manager.c
		_PIN_MANAGER_Initialize		CODE           	0FAF	0000	81

pin_manager.c estimated size: 81

/opt/microchip/xc8/v2.31/pic/sources/c99/common/isspace.c
		_isspace       		CODE           	0EB5	0000	33

/opt/microchip/xc8/v2.31/pic/sources/c99/common/isspace.c estimated size: 33

main.c
		_main          		CODE           	0583	0000	618
		_create_hex    		CODE           	01E8	0000	148
		_get_hex       		CODE           	0089	0000	111

main.c estimated size: 877

